------------------------------------------------------------
TimeQuest Timing Analyzer Summary
------------------------------------------------------------

Type  : Slow Model Setup 'AlvarezPajaro_1HzClock2:clock|clk'
Slack : -150.849
TNS   : -444445.134

Type  : Slow Model Setup 'AlvarezPajaro_ALUcontrol:aluControl|OPCODE[0]'
Slack : -144.922
TNS   : -12922.212

Type  : Slow Model Setup 'AlvarezPajaro_programCounter:pc|instructionAddress[0]'
Slack : -12.112
TNS   : -296.697

Type  : Slow Model Setup 'START'
Slack : -6.149
TNS   : -171.117

Type  : Slow Model Setup 'AlvarezPajaro_128x8InstructionMemory:instructionMemory|INSTRUCTION[0]'
Slack : -4.744
TNS   : -131.953

Type  : Slow Model Setup 'CLK'
Slack : -3.260
TNS   : -65.549

Type  : Slow Model Setup 'SHIFT'
Slack : -3.189
TNS   : -22.714

Type  : Slow Model Hold 'AlvarezPajaro_128x8InstructionMemory:instructionMemory|INSTRUCTION[0]'
Slack : -136.559
TNS   : -4363.561

Type  : Slow Model Hold 'AlvarezPajaro_ALUcontrol:aluControl|OPCODE[0]'
Slack : -6.360
TNS   : -246.243

Type  : Slow Model Hold 'CLK'
Slack : -2.508
TNS   : -2.508

Type  : Slow Model Hold 'START'
Slack : -1.409
TNS   : -32.153

Type  : Slow Model Hold 'AlvarezPajaro_1HzClock2:clock|clk'
Slack : -1.308
TNS   : -3.628

Type  : Slow Model Hold 'SHIFT'
Slack : 0.531
TNS   : 0.000

Type  : Slow Model Hold 'AlvarezPajaro_programCounter:pc|instructionAddress[0]'
Slack : 2.868
TNS   : 0.000

Type  : Slow Model Minimum Pulse Width 'AlvarezPajaro_128x8InstructionMemory:instructionMemory|INSTRUCTION[0]'
Slack : -134.524
TNS   : -1210587.050

Type  : Slow Model Minimum Pulse Width 'AlvarezPajaro_ALUcontrol:aluControl|OPCODE[0]'
Slack : -5.859
TNS   : -856.198

Type  : Slow Model Minimum Pulse Width 'CLK'
Slack : -1.380
TNS   : -30.380

Type  : Slow Model Minimum Pulse Width 'SHIFT'
Slack : -1.222
TNS   : -25.222

Type  : Slow Model Minimum Pulse Width 'START'
Slack : -1.222
TNS   : -1.222

Type  : Slow Model Minimum Pulse Width 'AlvarezPajaro_1HzClock2:clock|clk'
Slack : -0.500
TNS   : -4072.000

Type  : Slow Model Minimum Pulse Width 'AlvarezPajaro_programCounter:pc|instructionAddress[0]'
Slack : 0.500
TNS   : 0.000

Type  : Fast Model Setup 'AlvarezPajaro_1HzClock2:clock|clk'
Slack : -67.782
TNS   : -198993.746

Type  : Fast Model Setup 'AlvarezPajaro_ALUcontrol:aluControl|OPCODE[0]'
Slack : -65.346
TNS   : -5788.661

Type  : Fast Model Setup 'AlvarezPajaro_programCounter:pc|instructionAddress[0]'
Slack : -5.788
TNS   : -139.166

Type  : Fast Model Setup 'START'
Slack : -2.170
TNS   : -54.681

Type  : Fast Model Setup 'AlvarezPajaro_128x8InstructionMemory:instructionMemory|INSTRUCTION[0]'
Slack : -1.576
TNS   : -40.494

Type  : Fast Model Setup 'SHIFT'
Slack : -1.282
TNS   : -7.567

Type  : Fast Model Setup 'CLK'
Slack : -1.022
TNS   : -15.357

Type  : Fast Model Hold 'AlvarezPajaro_128x8InstructionMemory:instructionMemory|INSTRUCTION[0]'
Slack : -61.868
TNS   : -1976.060

Type  : Fast Model Hold 'AlvarezPajaro_ALUcontrol:aluControl|OPCODE[0]'
Slack : -2.817
TNS   : -127.592

Type  : Fast Model Hold 'CLK'
Slack : -1.551
TNS   : -1.551

Type  : Fast Model Hold 'AlvarezPajaro_1HzClock2:clock|clk'
Slack : -1.004
TNS   : -7.981

Type  : Fast Model Hold 'START'
Slack : -0.166
TNS   : -1.642

Type  : Fast Model Hold 'SHIFT'
Slack : 0.248
TNS   : 0.000

Type  : Fast Model Hold 'AlvarezPajaro_programCounter:pc|instructionAddress[0]'
Slack : 1.664
TNS   : 0.000

Type  : Fast Model Minimum Pulse Width 'AlvarezPajaro_128x8InstructionMemory:instructionMemory|INSTRUCTION[0]'
Slack : -60.844
TNS   : -536075.244

Type  : Fast Model Minimum Pulse Width 'AlvarezPajaro_ALUcontrol:aluControl|OPCODE[0]'
Slack : -2.470
TNS   : -360.620

Type  : Fast Model Minimum Pulse Width 'CLK'
Slack : -1.380
TNS   : -30.380

Type  : Fast Model Minimum Pulse Width 'SHIFT'
Slack : -1.222
TNS   : -25.222

Type  : Fast Model Minimum Pulse Width 'START'
Slack : -1.222
TNS   : -1.222

Type  : Fast Model Minimum Pulse Width 'AlvarezPajaro_1HzClock2:clock|clk'
Slack : -0.500
TNS   : -4072.000

Type  : Fast Model Minimum Pulse Width 'AlvarezPajaro_programCounter:pc|instructionAddress[0]'
Slack : 0.500
TNS   : 0.000

------------------------------------------------------------
