------------------------------------------------------------
TimeQuest Timing Analyzer Summary
------------------------------------------------------------

Type  : Slow Model Setup 'AlvarezPajaro_1HzClock2:clock|clk'
Slack : -152.806
TNS   : -442243.479

Type  : Slow Model Setup 'AlvarezPajaro_ALUcontrol:aluControl|OPCODE[0]'
Slack : -146.231
TNS   : -13204.980

Type  : Slow Model Setup 'AlvarezPajaro_programCounter:pc|instructionAddress[0]'
Slack : -9.816
TNS   : -248.904

Type  : Slow Model Setup 'AlvarezPajaro_128x8InstructionMemory:instructionMemory|INSTRUCTION[0]'
Slack : -5.355
TNS   : -151.852

Type  : Slow Model Setup 'START'
Slack : -3.525
TNS   : -82.561

Type  : Slow Model Setup 'CLK'
Slack : -3.240
TNS   : -65.660

Type  : Slow Model Setup 'SHIFT'
Slack : -2.174
TNS   : -12.295

Type  : Slow Model Hold 'AlvarezPajaro_128x8InstructionMemory:instructionMemory|INSTRUCTION[0]'
Slack : -141.210
TNS   : -4463.833

Type  : Slow Model Hold 'START'
Slack : -9.445
TNS   : -235.567

Type  : Slow Model Hold 'AlvarezPajaro_ALUcontrol:aluControl|OPCODE[0]'
Slack : -7.981
TNS   : -305.062

Type  : Slow Model Hold 'AlvarezPajaro_1HzClock2:clock|clk'
Slack : -3.226
TNS   : -11.845

Type  : Slow Model Hold 'CLK'
Slack : -2.537
TNS   : -2.537

Type  : Slow Model Hold 'SHIFT'
Slack : 0.524
TNS   : 0.000

Type  : Slow Model Hold 'AlvarezPajaro_programCounter:pc|instructionAddress[0]'
Slack : 1.894
TNS   : 0.000

Type  : Slow Model Minimum Pulse Width 'AlvarezPajaro_128x8InstructionMemory:instructionMemory|INSTRUCTION[0]'
Slack : -133.070
TNS   : -1263410.048

Type  : Slow Model Minimum Pulse Width 'AlvarezPajaro_ALUcontrol:aluControl|OPCODE[0]'
Slack : -3.140
TNS   : -459.120

Type  : Slow Model Minimum Pulse Width 'CLK'
Slack : -1.380
TNS   : -30.380

Type  : Slow Model Minimum Pulse Width 'SHIFT'
Slack : -1.222
TNS   : -25.222

Type  : Slow Model Minimum Pulse Width 'START'
Slack : -1.222
TNS   : -1.222

Type  : Slow Model Minimum Pulse Width 'AlvarezPajaro_1HzClock2:clock|clk'
Slack : -0.500
TNS   : -4072.000

Type  : Slow Model Minimum Pulse Width 'AlvarezPajaro_programCounter:pc|instructionAddress[0]'
Slack : 0.500
TNS   : 0.000

Type  : Fast Model Setup 'AlvarezPajaro_1HzClock2:clock|clk'
Slack : -68.598
TNS   : -197791.413

Type  : Fast Model Setup 'AlvarezPajaro_ALUcontrol:aluControl|OPCODE[0]'
Slack : -65.911
TNS   : -5949.122

Type  : Fast Model Setup 'AlvarezPajaro_programCounter:pc|instructionAddress[0]'
Slack : -4.542
TNS   : -115.861

Type  : Fast Model Setup 'AlvarezPajaro_128x8InstructionMemory:instructionMemory|INSTRUCTION[0]'
Slack : -2.729
TNS   : -77.237

Type  : Fast Model Setup 'START'
Slack : -1.015
TNS   : -19.837

Type  : Fast Model Setup 'CLK'
Slack : -1.015
TNS   : -15.360

Type  : Fast Model Setup 'SHIFT'
Slack : -0.711
TNS   : -3.239

Type  : Fast Model Hold 'AlvarezPajaro_128x8InstructionMemory:instructionMemory|INSTRUCTION[0]'
Slack : -64.180
TNS   : -2022.330

Type  : Fast Model Hold 'START'
Slack : -5.495
TNS   : -140.833

Type  : Fast Model Hold 'AlvarezPajaro_ALUcontrol:aluControl|OPCODE[0]'
Slack : -3.878
TNS   : -158.794

Type  : Fast Model Hold 'AlvarezPajaro_1HzClock2:clock|clk'
Slack : -1.839
TNS   : -8.646

Type  : Fast Model Hold 'CLK'
Slack : -1.580
TNS   : -1.580

Type  : Fast Model Hold 'SHIFT'
Slack : 0.240
TNS   : 0.000

Type  : Fast Model Hold 'AlvarezPajaro_programCounter:pc|instructionAddress[0]'
Slack : 1.150
TNS   : 0.000

Type  : Fast Model Minimum Pulse Width 'AlvarezPajaro_128x8InstructionMemory:instructionMemory|INSTRUCTION[0]'
Slack : -59.888
TNS   : -558507.860

Type  : Fast Model Minimum Pulse Width 'CLK'
Slack : -1.380
TNS   : -30.380

Type  : Fast Model Minimum Pulse Width 'SHIFT'
Slack : -1.222
TNS   : -25.222

Type  : Fast Model Minimum Pulse Width 'START'
Slack : -1.222
TNS   : -1.222

Type  : Fast Model Minimum Pulse Width 'AlvarezPajaro_ALUcontrol:aluControl|OPCODE[0]'
Slack : -1.148
TNS   : -167.608

Type  : Fast Model Minimum Pulse Width 'AlvarezPajaro_1HzClock2:clock|clk'
Slack : -0.500
TNS   : -4072.000

Type  : Fast Model Minimum Pulse Width 'AlvarezPajaro_programCounter:pc|instructionAddress[0]'
Slack : 0.500
TNS   : 0.000

------------------------------------------------------------
