------------------------------------------------------------
TimeQuest Timing Analyzer Summary
------------------------------------------------------------

Type  : Slow Model Setup 'AlvarezPajaro_1HzClock2:clock|clk'
Slack : -161.502
TNS   : -164033.334

Type  : Slow Model Setup 'AlvarezPajaro_ALUcontrol:aluControl|OPCODE[0]'
Slack : -159.265
TNS   : -13983.507

Type  : Slow Model Setup 'AlvarezPajaro_programCounter:pc|instructionAddress[0]'
Slack : -10.894
TNS   : -262.257

Type  : Slow Model Setup 'AlvarezPajaro_128x8InstructionMemory:instructionMemory|INSTRUCTION[0]'
Slack : -5.543
TNS   : -92.553

Type  : Slow Model Setup 'CLK'
Slack : -4.764
TNS   : -75.795

Type  : Slow Model Setup 'SHIFT'
Slack : -4.076
TNS   : -28.542

Type  : Slow Model Setup 'START'
Slack : -2.325
TNS   : -33.238

Type  : Slow Model Hold 'AlvarezPajaro_128x8InstructionMemory:instructionMemory|INSTRUCTION[0]'
Slack : -144.902
TNS   : -4601.392

Type  : Slow Model Hold 'AlvarezPajaro_ALUcontrol:aluControl|OPCODE[0]'
Slack : -6.190
TNS   : -207.104

Type  : Slow Model Hold 'AlvarezPajaro_1HzClock2:clock|clk'
Slack : -2.939
TNS   : -49.468

Type  : Slow Model Hold 'CLK'
Slack : -2.512
TNS   : -2.512

Type  : Slow Model Hold 'AlvarezPajaro_programCounter:pc|instructionAddress[0]'
Slack : 0.212
TNS   : 0.000

Type  : Slow Model Hold 'START'
Slack : 0.219
TNS   : 0.000

Type  : Slow Model Hold 'SHIFT'
Slack : 0.530
TNS   : 0.000

Type  : Slow Model Minimum Pulse Width 'AlvarezPajaro_128x8InstructionMemory:instructionMemory|INSTRUCTION[0]'
Slack : -139.782
TNS   : -1321598.916

Type  : Slow Model Minimum Pulse Width 'AlvarezPajaro_ALUcontrol:aluControl|OPCODE[0]'
Slack : -2.395
TNS   : -340.230

Type  : Slow Model Minimum Pulse Width 'CLK'
Slack : -1.380
TNS   : -30.380

Type  : Slow Model Minimum Pulse Width 'SHIFT'
Slack : -1.222
TNS   : -25.222

Type  : Slow Model Minimum Pulse Width 'START'
Slack : -1.222
TNS   : -1.222

Type  : Slow Model Minimum Pulse Width 'AlvarezPajaro_1HzClock2:clock|clk'
Slack : -0.500
TNS   : -3048.000

Type  : Slow Model Minimum Pulse Width 'AlvarezPajaro_programCounter:pc|instructionAddress[0]'
Slack : 0.500
TNS   : 0.000

Type  : Fast Model Setup 'AlvarezPajaro_1HzClock2:clock|clk'
Slack : -73.267
TNS   : -73347.749

Type  : Fast Model Setup 'AlvarezPajaro_ALUcontrol:aluControl|OPCODE[0]'
Slack : -72.551
TNS   : -6317.964

Type  : Fast Model Setup 'AlvarezPajaro_programCounter:pc|instructionAddress[0]'
Slack : -5.044
TNS   : -122.486

Type  : Fast Model Setup 'AlvarezPajaro_128x8InstructionMemory:instructionMemory|INSTRUCTION[0]'
Slack : -2.074
TNS   : -28.213

Type  : Fast Model Setup 'CLK'
Slack : -1.824
TNS   : -21.957

Type  : Fast Model Setup 'SHIFT'
Slack : -1.700
TNS   : -11.223

Type  : Fast Model Setup 'START'
Slack : -0.763
TNS   : -11.919

Type  : Fast Model Hold 'AlvarezPajaro_128x8InstructionMemory:instructionMemory|INSTRUCTION[0]'
Slack : -66.214
TNS   : -2100.228

Type  : Fast Model Hold 'AlvarezPajaro_ALUcontrol:aluControl|OPCODE[0]'
Slack : -3.115
TNS   : -115.553

Type  : Fast Model Hold 'AlvarezPajaro_1HzClock2:clock|clk'
Slack : -1.802
TNS   : -66.727

Type  : Fast Model Hold 'CLK'
Slack : -1.555
TNS   : -1.555

Type  : Fast Model Hold 'SHIFT'
Slack : 0.244
TNS   : 0.000

Type  : Fast Model Hold 'AlvarezPajaro_programCounter:pc|instructionAddress[0]'
Slack : 0.402
TNS   : 0.000

Type  : Fast Model Hold 'START'
Slack : 0.620
TNS   : 0.000

Type  : Fast Model Minimum Pulse Width 'AlvarezPajaro_128x8InstructionMemory:instructionMemory|INSTRUCTION[0]'
Slack : -63.294
TNS   : -587733.128

Type  : Fast Model Minimum Pulse Width 'CLK'
Slack : -1.380
TNS   : -30.380

Type  : Fast Model Minimum Pulse Width 'SHIFT'
Slack : -1.222
TNS   : -25.222

Type  : Fast Model Minimum Pulse Width 'START'
Slack : -1.222
TNS   : -1.222

Type  : Fast Model Minimum Pulse Width 'AlvarezPajaro_ALUcontrol:aluControl|OPCODE[0]'
Slack : -0.824
TNS   : -117.008

Type  : Fast Model Minimum Pulse Width 'AlvarezPajaro_1HzClock2:clock|clk'
Slack : -0.500
TNS   : -3048.000

Type  : Fast Model Minimum Pulse Width 'AlvarezPajaro_programCounter:pc|instructionAddress[0]'
Slack : 0.500
TNS   : 0.000

------------------------------------------------------------
